// Jest Snapshot v1, https://goo.gl/fbAQLP

exports[`AWS Lambda Logger + contextId 1`] = `
Object {
  "somethingUseful": true,
}
`;

exports[`AWS Lambda Logger + contextId 2`] = `
Array [
  Array [
    "2009-02-13T23:31:30.000Z	000fake-0000-000request-000-id	WARN	hello	{\\"level\\":40}
",
  ],
  Array [
    "2009-02-13T23:31:30.000Z	000fake-0000-000request-000-id	ERROR	fake	{\\"level\\":50,\\"err\\":{\\"name\\":\\"Error\\",\\"message\\":\\"fake\\",\\"stack\\":\\"Error: fake\\\\n    at ~/logger/lib/lambda.ts:25:11)\\\\n    at AsyncLocalStorage.run (node:async_hooks:338:14)\\"}}
",
  ],
]
`;
