// Jest Snapshot v1, https://goo.gl/fbAQLP

exports[`Prettifier No Color 1`] = `
"1970-01-15T06:56:07.890Z DEBUG   kek
"
`;

exports[`Prettifier No Color 2`] = `
"1970-01-15T06:56:07.890Z DEBUG   kek { random: { arr: [ 1, 2, 3 ], bool: true, number: 12, str: 'hello' } }
"
`;

exports[`Prettifier No colour on non tty fd 1`] = `
"1970-01-15T06:56:07.890Z DEBUG   kek { random: { arr: [ 1, 2, 3 ], bool: true, number: 12, str: 'hello' } }
"
`;

exports[`Prettifier With colour 1`] = `
"[90m1970-01-15T06:56:07.890Z[39m [32mDEBUG[39m  [1mkek[22m
"
`;

exports[`Prettifier With colour 2`] = `
"[90m1970-01-15T06:56:07.890Z[39m [32mDEBUG[39m  [1mkek[22m { random: { arr: [ [33m1[39m, [33m2[39m, [33m3[39m ], bool: [33mtrue[39m, number: [33m12[39m, str: [32m'hello'[39m } }
"
`;
