// Jest Snapshot v1, https://goo.gl/fbAQLP

exports[`Sentry  Logger 1`] = `
Array [
  Object {
    "err": Object {
      "message": "fake",
      "name": "Error",
      "stack": "Error: fake
    at Object.<anonymous> (~/block65_logger/bazel-out/k8-fastbuild/~/block65_logger/__tests__/sentry-transport.test.js:71:22)",
    },
    "hostname": "testhost",
    "level": 50,
    "msg": "fake",
    "pid": 1337,
    "time": 1234567890000,
  },
  Object {
    "err": Object {
      "message": "fake",
      "name": "Error",
      "stack": "Error: fake
    at Object.<anonymous> (~/block65_logger/bazel-out/k8-fastbuild/~/block65_logger/__tests__/sentry-transport.test.js:72:22)",
    },
    "hostname": "testhost",
    "level": 50,
    "msg": "fake",
    "pid": 1337,
    "time": 1234567890000,
  },
  Object {
    "err": Object {
      "message": "fake",
      "name": "Error",
      "stack": "Error: fake
    at Object.<anonymous> (~/block65_logger/bazel-out/k8-fastbuild/~/block65_logger/__tests__/sentry-transport.test.js:73:22)",
    },
    "hostname": "testhost",
    "level": 50,
    "msg": "fake",
    "pid": 1337,
    "time": 1234567890000,
  },
  Object {
    "err": Object {
      "message": "fake",
      "name": "Error",
      "stack": "Error: fake
    at Object.<anonymous> (~/block65_logger/bazel-out/k8-fastbuild/~/block65_logger/__tests__/sentry-transport.test.js:77:22)",
    },
    "hostname": "testhost",
    "level": 50,
    "msg": "fake",
    "pid": 1337,
    "time": 1234567890000,
  },
  Object {
    "err": Object {
      "message": "fake",
      "name": "Error",
      "stack": "Error: fake
    at Object.<anonymous> (~/block65_logger/bazel-out/k8-fastbuild/~/block65_logger/__tests__/sentry-transport.test.js:78:22)",
    },
    "hostname": "testhost",
    "level": 50,
    "msg": "fake",
    "pid": 1337,
    "time": 1234567890000,
  },
  Object {
    "err": Object {
      "message": "fake",
      "name": "Error",
      "stack": "Error: fake
    at Object.<anonymous> (~/block65_logger/bazel-out/k8-fastbuild/~/block65_logger/__tests__/sentry-transport.test.js:79:22)",
    },
    "hostname": "testhost",
    "level": 50,
    "msg": "fake",
    "pid": 1337,
    "time": 1234567890000,
  },
]
`;

exports[`Sentry  Transport 1`] = `
Array [
  Array [
    [Error: Oh its a fake error],
    Object {
      "level": "error",
      "tags": Object {
        "admin": true,
      },
      "user": Object {
        "id": "1234",
      },
    },
  ],
]
`;
